  0 SNES Function norm 0.978417 
  1 SNES Function norm 0.00955878 
  2 SNES Function norm 7.57663e-05 
  3 SNES Function norm 5.48165e-09 
Number of SNES iterations = 3
