  0 SNES Function norm 5.41468 
  1 SNES Function norm 0.295258 
  2 SNES Function norm 0.00045023 
  3 SNES Function norm 1.39007e-09 
number of SNES iterations = 3

