DM Object:Parallel Mesh 2 MPI processes
  type: plex
\documentclass[crop,multi=false]{standalone}
\usepackage{tikz}
\usepackage{pgflibraryshapes}
\usetikzlibrary{backgrounds}
\usetikzlibrary{arrows}
\begin{document}
\section{Parallel Mesh}
\begin{center}
Mesh for process {\textcolor{red}0}, and {\textcolor{blue}1}.
\begin{tikzpicture}[scale = 4,font=\fontsize{8}{8}\selectfont]
\path
(0,1) node(2_0) [draw,shape=circle,color=red] {2} --
(1,1) node(3_0) [draw,shape=circle,color=red] {3} --
(2,1) node(4_0) [draw,shape=circle,color=red] {4} --
(0,2) node(5_0) [draw,shape=circle,color=red] {5} --
(1,2) node(6_0) [draw,shape=circle,color=red] {6} --
(2,2) node(7_0) [draw,shape=circle,color=red] {7} --
(0,0) node(2_1) [draw,shape=circle,color=blue] {2} --
(1,0) node(3_1) [draw,shape=circle,color=blue] {3} --
(2,0) node(4_1) [draw,shape=circle,color=blue] {4} --
(0,1) node(5_1) [draw,shape=circle,color=blue] {5} --
(1,1) node(6_1) [draw,shape=circle,color=blue] {6} --
(2,1) node(7_1) [draw,shape=circle,color=blue] {7} --
(0,0);
\path
(0.5,1) node(8_0) [draw,shape=circle,color=red] {8} --
(1.5,1) node(9_0) [draw,shape=circle,color=red] {9} --
(0.5,2) node(10_0) [draw,shape=circle,color=red] {10} --
(1.5,2) node(11_0) [draw,shape=circle,color=red] {11} --
(0,1.5) node(12_0) [draw,shape=circle,color=red] {12} --
(1,1.5) node(13_0) [draw,shape=circle,color=red] {13} --
(2,1.5) node(14_0) [draw,shape=circle,color=red] {14} --
(0.5,0) node(8_1) [draw,shape=circle,color=blue] {8} --
(1.5,0) node(9_1) [draw,shape=circle,color=blue] {9} --
(0.5,1) node(10_1) [draw,shape=circle,color=blue] {10} --
(1.5,1) node(11_1) [draw,shape=circle,color=blue] {11} --
(0,0.5) node(12_1) [draw,shape=circle,color=blue] {12} --
(1,0.5) node(13_1) [draw,shape=circle,color=blue] {13} --
(2,0.5) node(14_1) [draw,shape=circle,color=blue] {14} --
(0,0);
\draw[color=red] (2_0) -- (3_0) -- (6_0) -- (5_0) -- (2_0);
\draw[color=red] (3_0) -- (4_0) -- (7_0) -- (6_0) -- (3_0);
\draw[color=blue] (2_1) -- (3_1) -- (6_1) -- (5_1) -- (2_1);
\draw[color=blue] (3_1) -- (4_1) -- (7_1) -- (6_1) -- (3_1);
\end{tikzpicture}
\end{center}
\end{document}
DM Object:Simplical Mesh 2 MPI processes
  type: plex
\documentclass[crop,multi=false]{standalone}
\usepackage{tikz}
\usepackage{pgflibraryshapes}
\usetikzlibrary{backgrounds}
\usetikzlibrary{arrows}
\begin{document}
\section{Simplical Mesh}
\begin{center}
Mesh for process {\textcolor{red}0}, and {\textcolor{blue}1}.
\begin{tikzpicture}[scale = 4,font=\fontsize{8}{8}\selectfont]
\path
(0,1) node(8_0) [draw,shape=circle,color=red] {8} --
(1,1) node(9_0) [draw,shape=circle,color=red] {9} --
(2,1) node(10_0) [draw,shape=circle,color=red] {10} --
(0,2) node(11_0) [draw,shape=circle,color=red] {11} --
(1,2) node(12_0) [draw,shape=circle,color=red] {12} --
(2,2) node(13_0) [draw,shape=circle,color=red] {13} --
(0.5,1) node(14_0) [draw,shape=circle,color=red] {14} --
(1.5,1) node(15_0) [draw,shape=circle,color=red] {15} --
(0.5,2) node(16_0) [draw,shape=circle,color=red] {16} --
(1.5,2) node(17_0) [draw,shape=circle,color=red] {17} --
(0,1.5) node(18_0) [draw,shape=circle,color=red] {18} --
(1,1.5) node(19_0) [draw,shape=circle,color=red] {19} --
(2,1.5) node(20_0) [draw,shape=circle,color=red] {20} --
(0.5,1.5) node(21_0) [draw,shape=circle,color=red] {21} --
(1.5,1.5) node(22_0) [draw,shape=circle,color=red] {22} --
(0,0) node(8_1) [draw,shape=circle,color=blue] {8} --
(1,0) node(9_1) [draw,shape=circle,color=blue] {9} --
(2,0) node(10_1) [draw,shape=circle,color=blue] {10} --
(0,1) node(11_1) [draw,shape=circle,color=blue] {11} --
(1,1) node(12_1) [draw,shape=circle,color=blue] {12} --
(2,1) node(13_1) [draw,shape=circle,color=blue] {13} --
(0.5,0) node(14_1) [draw,shape=circle,color=blue] {14} --
(1.5,0) node(15_1) [draw,shape=circle,color=blue] {15} --
(0.5,1) node(16_1) [draw,shape=circle,color=blue] {16} --
(1.5,1) node(17_1) [draw,shape=circle,color=blue] {17} --
(0,0.5) node(18_1) [draw,shape=circle,color=blue] {18} --
(1,0.5) node(19_1) [draw,shape=circle,color=blue] {19} --
(2,0.5) node(20_1) [draw,shape=circle,color=blue] {20} --
(0.5,0.5) node(21_1) [draw,shape=circle,color=blue] {21} --
(1.5,0.5) node(22_1) [draw,shape=circle,color=blue] {22} --
(0,0);
\path
(0.25,1) node(23_0) [draw,shape=circle,color=red] {23} --
(0.75,1) node(24_0) [draw,shape=circle,color=red] {24} --
(1.25,1) node(25_0) [draw,shape=circle,color=red] {25} --
(1.75,1) node(26_0) [draw,shape=circle,color=red] {26} --
(0.25,2) node(27_0) [draw,shape=circle,color=red] {27} --
(0.75,2) node(28_0) [draw,shape=circle,color=red] {28} --
(1.25,2) node(29_0) [draw,shape=circle,color=red] {29} --
(1.75,2) node(30_0) [draw,shape=circle,color=red] {30} --
(0,1.25) node(31_0) [draw,shape=circle,color=red] {31} --
(0,1.75) node(32_0) [draw,shape=circle,color=red] {32} --
(1,1.25) node(33_0) [draw,shape=circle,color=red] {33} --
(1,1.75) node(34_0) [draw,shape=circle,color=red] {34} --
(2,1.25) node(35_0) [draw,shape=circle,color=red] {35} --
(2,1.75) node(36_0) [draw,shape=circle,color=red] {36} --
(0.5,1.25) node(37_0) [draw,shape=circle,color=red] {37} --
(0.75,1.5) node(38_0) [draw,shape=circle,color=red] {38} --
(0.5,1.75) node(39_0) [draw,shape=circle,color=red] {39} --
(0.25,1.5) node(40_0) [draw,shape=circle,color=red] {40} --
(1.5,1.25) node(41_0) [draw,shape=circle,color=red] {41} --
(1.75,1.5) node(42_0) [draw,shape=circle,color=red] {42} --
(1.5,1.75) node(43_0) [draw,shape=circle,color=red] {43} --
(1.25,1.5) node(44_0) [draw,shape=circle,color=red] {44} --
(0.25,0) node(23_1) [draw,shape=circle,color=blue] {23} --
(0.75,0) node(24_1) [draw,shape=circle,color=blue] {24} --
(1.25,0) node(25_1) [draw,shape=circle,color=blue] {25} --
(1.75,0) node(26_1) [draw,shape=circle,color=blue] {26} --
(0.25,1) node(27_1) [draw,shape=circle,color=blue] {27} --
(0.75,1) node(28_1) [draw,shape=circle,color=blue] {28} --
(1.25,1) node(29_1) [draw,shape=circle,color=blue] {29} --
(1.75,1) node(30_1) [draw,shape=circle,color=blue] {30} --
(0,0.25) node(31_1) [draw,shape=circle,color=blue] {31} --
(0,0.75) node(32_1) [draw,shape=circle,color=blue] {32} --
(1,0.25) node(33_1) [draw,shape=circle,color=blue] {33} --
(1,0.75) node(34_1) [draw,shape=circle,color=blue] {34} --
(2,0.25) node(35_1) [draw,shape=circle,color=blue] {35} --
(2,0.75) node(36_1) [draw,shape=circle,color=blue] {36} --
(0.5,0.25) node(37_1) [draw,shape=circle,color=blue] {37} --
(0.75,0.5) node(38_1) [draw,shape=circle,color=blue] {38} --
(0.5,0.75) node(39_1) [draw,shape=circle,color=blue] {39} --
(0.25,0.5) node(40_1) [draw,shape=circle,color=blue] {40} --
(1.5,0.25) node(41_1) [draw,shape=circle,color=blue] {41} --
(1.75,0.5) node(42_1) [draw,shape=circle,color=blue] {42} --
(1.5,0.75) node(43_1) [draw,shape=circle,color=blue] {43} --
(1.25,0.5) node(44_1) [draw,shape=circle,color=blue] {44} --
(0,0);
\draw[color=red] (8_0) -- (14_0) -- (21_0) -- (18_0) -- (8_0);
\draw[color=red] (14_0) -- (9_0) -- (19_0) -- (21_0) -- (14_0);
\draw[color=red] (21_0) -- (19_0) -- (12_0) -- (16_0) -- (21_0);
\draw[color=red] (18_0) -- (21_0) -- (16_0) -- (11_0) -- (18_0);
\draw[color=red] (9_0) -- (15_0) -- (22_0) -- (19_0) -- (9_0);
\draw[color=red] (15_0) -- (10_0) -- (20_0) -- (22_0) -- (15_0);
\draw[color=red] (22_0) -- (20_0) -- (13_0) -- (17_0) -- (22_0);
\draw[color=red] (19_0) -- (22_0) -- (17_0) -- (12_0) -- (19_0);
\draw[color=blue] (8_1) -- (14_1) -- (21_1) -- (18_1) -- (8_1);
\draw[color=blue] (14_1) -- (9_1) -- (19_1) -- (21_1) -- (14_1);
\draw[color=blue] (21_1) -- (19_1) -- (12_1) -- (16_1) -- (21_1);
\draw[color=blue] (18_1) -- (21_1) -- (16_1) -- (11_1) -- (18_1);
\draw[color=blue] (9_1) -- (15_1) -- (22_1) -- (19_1) -- (9_1);
\draw[color=blue] (15_1) -- (10_1) -- (20_1) -- (22_1) -- (15_1);
\draw[color=blue] (22_1) -- (20_1) -- (13_1) -- (17_1) -- (22_1);
\draw[color=blue] (19_1) -- (22_1) -- (17_1) -- (12_1) -- (19_1);
\end{tikzpicture}
\end{center}
\end{document}