DM Object:Parallel Mesh 2 MPI processes
  type: plex
\documentclass[crop,multi=false]{standalone}
\usepackage{tikz}
\usepackage{pgflibraryshapes}
\usetikzlibrary{backgrounds}
\usetikzlibrary{arrows}
\begin{document}
\section{Parallel Mesh}
\begin{center}
Mesh for process {\textcolor{red}0}, and {\textcolor{blue}1}.
\begin{tikzpicture}[scale = 4,font=\fontsize{8}{8}\selectfont]
\path
(2,0) node(4_0) [draw,shape=circle,color=red] {4} --
(1,1) node(5_0) [draw,shape=circle,color=red] {5} --
(2,1) node(6_0) [draw,shape=circle,color=red] {6} --
(0,2) node(7_0) [draw,shape=circle,color=red] {7} --
(1,2) node(8_0) [draw,shape=circle,color=red] {8} --
(2,2) node(9_0) [draw,shape=circle,color=red] {9} --
(0,0) node(4_1) [draw,shape=circle,color=blue] {4} --
(1,0) node(5_1) [draw,shape=circle,color=blue] {5} --
(2,0) node(6_1) [draw,shape=circle,color=blue] {6} --
(0,1) node(7_1) [draw,shape=circle,color=blue] {7} --
(1,1) node(8_1) [draw,shape=circle,color=blue] {8} --
(0,2) node(9_1) [draw,shape=circle,color=blue] {9} --
(0,0);
\path
(0.5,1.5) node(10_0) [draw,shape=circle,color=red] {10} --
(1.5,0.5) node(11_0) [draw,shape=circle,color=red] {11} --
(2,0.5) node(12_0) [draw,shape=circle,color=red] {12} --
(1.5,1) node(13_0) [draw,shape=circle,color=red] {13} --
(1.5,1.5) node(14_0) [draw,shape=circle,color=red] {14} --
(2,1.5) node(15_0) [draw,shape=circle,color=red] {15} --
(1.5,2) node(16_0) [draw,shape=circle,color=red] {16} --
(1,1.5) node(17_0) [draw,shape=circle,color=red] {17} --
(0.5,2) node(18_0) [draw,shape=circle,color=red] {18} --
(0.5,0) node(10_1) [draw,shape=circle,color=blue] {10} --
(0.5,0.5) node(11_1) [draw,shape=circle,color=blue] {11} --
(0,0.5) node(12_1) [draw,shape=circle,color=blue] {12} --
(0.5,1.5) node(13_1) [draw,shape=circle,color=blue] {13} --
(0,1.5) node(14_1) [draw,shape=circle,color=blue] {14} --
(0.5,1) node(15_1) [draw,shape=circle,color=blue] {15} --
(1,0.5) node(16_1) [draw,shape=circle,color=blue] {16} --
(1.5,0.5) node(17_1) [draw,shape=circle,color=blue] {17} --
(1.5,0) node(18_1) [draw,shape=circle,color=blue] {18} --
(0,0);
\draw[color=red] (5_0) -- (4_0) -- (6_0) -- (5_0);
\draw[color=red] (8_0) -- (6_0) -- (9_0) -- (8_0);
\draw[color=red] (6_0) -- (8_0) -- (5_0) -- (6_0);
\draw[color=red] (5_0) -- (8_0) -- (7_0) -- (5_0);
\draw[color=blue] (4_1) -- (5_1) -- (7_1) -- (4_1);
\draw[color=blue] (8_1) -- (9_1) -- (7_1) -- (8_1);
\draw[color=blue] (7_1) -- (5_1) -- (8_1) -- (7_1);
\draw[color=blue] (6_1) -- (8_1) -- (5_1) -- (6_1);
\end{tikzpicture}
\end{center}
\end{document}
DM Object:Simplical Mesh 2 MPI processes
  type: plex
\documentclass[crop,multi=false]{standalone}
\usepackage{tikz}
\usepackage{pgflibraryshapes}
\usetikzlibrary{backgrounds}
\usetikzlibrary{arrows}
\begin{document}
\section{Simplical Mesh}
\begin{center}
Mesh for process {\textcolor{red}0}, and {\textcolor{blue}1}.
\begin{tikzpicture}[scale = 4,font=\fontsize{8}{8}\selectfont]
\path
(2,0) node(16_0) [draw,shape=circle,color=red] {16} --
(1,1) node(17_0) [draw,shape=circle,color=red] {17} --
(2,1) node(18_0) [draw,shape=circle,color=red] {18} --
(0,2) node(19_0) [draw,shape=circle,color=red] {19} --
(1,2) node(20_0) [draw,shape=circle,color=red] {20} --
(2,2) node(21_0) [draw,shape=circle,color=red] {21} --
(0.5,1.5) node(22_0) [draw,shape=circle,color=red] {22} --
(1.5,0.5) node(23_0) [draw,shape=circle,color=red] {23} --
(2,0.5) node(24_0) [draw,shape=circle,color=red] {24} --
(1.5,1) node(25_0) [draw,shape=circle,color=red] {25} --
(1.5,1.5) node(26_0) [draw,shape=circle,color=red] {26} --
(2,1.5) node(27_0) [draw,shape=circle,color=red] {27} --
(1.5,2) node(28_0) [draw,shape=circle,color=red] {28} --
(1,1.5) node(29_0) [draw,shape=circle,color=red] {29} --
(0.5,2) node(30_0) [draw,shape=circle,color=red] {30} --
(0,0) node(16_1) [draw,shape=circle,color=blue] {16} --
(1,0) node(17_1) [draw,shape=circle,color=blue] {17} --
(2,0) node(18_1) [draw,shape=circle,color=blue] {18} --
(0,1) node(19_1) [draw,shape=circle,color=blue] {19} --
(1,1) node(20_1) [draw,shape=circle,color=blue] {20} --
(0,2) node(21_1) [draw,shape=circle,color=blue] {21} --
(0.5,0) node(22_1) [draw,shape=circle,color=blue] {22} --
(0.5,0.5) node(23_1) [draw,shape=circle,color=blue] {23} --
(0,0.5) node(24_1) [draw,shape=circle,color=blue] {24} --
(0.5,1.5) node(25_1) [draw,shape=circle,color=blue] {25} --
(0,1.5) node(26_1) [draw,shape=circle,color=blue] {26} --
(0.5,1) node(27_1) [draw,shape=circle,color=blue] {27} --
(1,0.5) node(28_1) [draw,shape=circle,color=blue] {28} --
(1.5,0.5) node(29_1) [draw,shape=circle,color=blue] {29} --
(1.5,0) node(30_1) [draw,shape=circle,color=blue] {30} --
(0,0);
\path
(0.75,1.25) node(31_0) [draw,shape=circle,color=red] {31} --
(0.25,1.75) node(32_0) [draw,shape=circle,color=red] {32} --
(1.25,0.75) node(33_0) [draw,shape=circle,color=red] {33} --
(1.75,0.25) node(34_0) [draw,shape=circle,color=red] {34} --
(2,0.25) node(35_0) [draw,shape=circle,color=red] {35} --
(2,0.75) node(36_0) [draw,shape=circle,color=red] {36} --
(1.75,1) node(37_0) [draw,shape=circle,color=red] {37} --
(1.25,1) node(38_0) [draw,shape=circle,color=red] {38} --
(1.25,1.75) node(39_0) [draw,shape=circle,color=red] {39} --
(1.75,1.25) node(40_0) [draw,shape=circle,color=red] {40} --
(2,1.25) node(41_0) [draw,shape=circle,color=red] {41} --
(2,1.75) node(42_0) [draw,shape=circle,color=red] {42} --
(1.75,2) node(43_0) [draw,shape=circle,color=red] {43} --
(1.25,2) node(44_0) [draw,shape=circle,color=red] {44} --
(1,1.75) node(45_0) [draw,shape=circle,color=red] {45} --
(1,1.25) node(46_0) [draw,shape=circle,color=red] {46} --
(0.75,2) node(47_0) [draw,shape=circle,color=red] {47} --
(0.25,2) node(48_0) [draw,shape=circle,color=red] {48} --
(1.75,0.5) node(49_0) [draw,shape=circle,color=red] {49} --
(1.75,0.75) node(50_0) [draw,shape=circle,color=red] {50} --
(1.5,0.75) node(51_0) [draw,shape=circle,color=red] {51} --
(1.75,1.5) node(52_0) [draw,shape=circle,color=red] {52} --
(1.75,1.75) node(53_0) [draw,shape=circle,color=red] {53} --
(1.5,1.75) node(54_0) [draw,shape=circle,color=red] {54} --
(1.25,1.5) node(55_0) [draw,shape=circle,color=red] {55} --
(1.25,1.25) node(56_0) [draw,shape=circle,color=red] {56} --
(1.5,1.25) node(57_0) [draw,shape=circle,color=red] {57} --
(0.75,1.75) node(58_0) [draw,shape=circle,color=red] {58} --
(0.5,1.75) node(59_0) [draw,shape=circle,color=red] {59} --
(0.75,1.5) node(60_0) [draw,shape=circle,color=red] {60} --
(0.25,0) node(31_1) [draw,shape=circle,color=blue] {31} --
(0.75,0) node(32_1) [draw,shape=circle,color=blue] {32} --
(0.75,0.25) node(33_1) [draw,shape=circle,color=blue] {33} --
(0.25,0.75) node(34_1) [draw,shape=circle,color=blue] {34} --
(0,0.75) node(35_1) [draw,shape=circle,color=blue] {35} --
(0,0.25) node(36_1) [draw,shape=circle,color=blue] {36} --
(0.75,1.25) node(37_1) [draw,shape=circle,color=blue] {37} --
(0.25,1.75) node(38_1) [draw,shape=circle,color=blue] {38} --
(0,1.75) node(39_1) [draw,shape=circle,color=blue] {39} --
(0,1.25) node(40_1) [draw,shape=circle,color=blue] {40} --
(0.25,1) node(41_1) [draw,shape=circle,color=blue] {41} --
(0.75,1) node(42_1) [draw,shape=circle,color=blue] {42} --
(1,0.25) node(43_1) [draw,shape=circle,color=blue] {43} --
(1,0.75) node(44_1) [draw,shape=circle,color=blue] {44} --
(1.25,0.75) node(45_1) [draw,shape=circle,color=blue] {45} --
(1.75,0.25) node(46_1) [draw,shape=circle,color=blue] {46} --
(1.25,0) node(47_1) [draw,shape=circle,color=blue] {47} --
(1.75,0) node(48_1) [draw,shape=circle,color=blue] {48} --
(0.5,0.25) node(49_1) [draw,shape=circle,color=blue] {49} --
(0.25,0.5) node(50_1) [draw,shape=circle,color=blue] {50} --
(0.25,0.25) node(51_1) [draw,shape=circle,color=blue] {51} --
(0.25,1.5) node(52_1) [draw,shape=circle,color=blue] {52} --
(0.25,1.25) node(53_1) [draw,shape=circle,color=blue] {53} --
(0.5,1.25) node(54_1) [draw,shape=circle,color=blue] {54} --
(0.75,0.5) node(55_1) [draw,shape=circle,color=blue] {55} --
(0.75,0.75) node(56_1) [draw,shape=circle,color=blue] {56} --
(0.5,0.75) node(57_1) [draw,shape=circle,color=blue] {57} --
(1.25,0.5) node(58_1) [draw,shape=circle,color=blue] {58} --
(1.25,0.25) node(59_1) [draw,shape=circle,color=blue] {59} --
(1.5,0.25) node(60_1) [draw,shape=circle,color=blue] {60} --
(0,0);
\draw[color=red] (17_0) -- (23_0) -- (25_0) -- (17_0);
\draw[color=red] (23_0) -- (16_0) -- (24_0) -- (23_0);
\draw[color=red] (25_0) -- (24_0) -- (18_0) -- (25_0);
\draw[color=red] (23_0) -- (24_0) -- (25_0) -- (23_0);
\draw[color=red] (20_0) -- (26_0) -- (28_0) -- (20_0);
\draw[color=red] (26_0) -- (18_0) -- (27_0) -- (26_0);
\draw[color=red] (28_0) -- (27_0) -- (21_0) -- (28_0);
\draw[color=red] (26_0) -- (27_0) -- (28_0) -- (26_0);
\draw[color=red] (18_0) -- (26_0) -- (25_0) -- (18_0);
\draw[color=red] (26_0) -- (20_0) -- (29_0) -- (26_0);
\draw[color=red] (25_0) -- (29_0) -- (17_0) -- (25_0);
\draw[color=red] (26_0) -- (29_0) -- (25_0) -- (26_0);
\draw[color=red] (17_0) -- (29_0) -- (22_0) -- (17_0);
\draw[color=red] (29_0) -- (20_0) -- (30_0) -- (29_0);
\draw[color=red] (22_0) -- (30_0) -- (19_0) -- (22_0);
\draw[color=red] (29_0) -- (30_0) -- (22_0) -- (29_0);
\draw[color=blue] (16_1) -- (22_1) -- (24_1) -- (16_1);
\draw[color=blue] (22_1) -- (17_1) -- (23_1) -- (22_1);
\draw[color=blue] (24_1) -- (23_1) -- (19_1) -- (24_1);
\draw[color=blue] (22_1) -- (23_1) -- (24_1) -- (22_1);
\draw[color=blue] (20_1) -- (25_1) -- (27_1) -- (20_1);
\draw[color=blue] (25_1) -- (21_1) -- (26_1) -- (25_1);
\draw[color=blue] (27_1) -- (26_1) -- (19_1) -- (27_1);
\draw[color=blue] (25_1) -- (26_1) -- (27_1) -- (25_1);
\draw[color=blue] (19_1) -- (23_1) -- (27_1) -- (19_1);
\draw[color=blue] (23_1) -- (17_1) -- (28_1) -- (23_1);
\draw[color=blue] (27_1) -- (28_1) -- (20_1) -- (27_1);
\draw[color=blue] (23_1) -- (28_1) -- (27_1) -- (23_1);
\draw[color=blue] (18_1) -- (29_1) -- (30_1) -- (18_1);
\draw[color=blue] (29_1) -- (20_1) -- (28_1) -- (29_1);
\draw[color=blue] (30_1) -- (28_1) -- (17_1) -- (30_1);
\draw[color=blue] (29_1) -- (28_1) -- (30_1) -- (29_1);
\end{tikzpicture}
\end{center}
\end{document}