DM Object:Simplical Mesh 1 MPI processes
  type: plex
\documentclass[crop,multi=false]{standalone}
\usepackage{tikz}
\usepackage{pgflibraryshapes}
\usetikzlibrary{backgrounds}
\usetikzlibrary{arrows}
\begin{document}
\section{Simplical Mesh}
\begin{center}
Mesh for process {\textcolor{red}0}.
\begin{tikzpicture}[scale = 4,font=\fontsize{8}{8}\selectfont]
\path
(0,0) node(8_0) [draw,shape=circle,color=red] {8} --
(1,0) node(9_0) [draw,shape=circle,color=red] {9} --
(2,0) node(10_0) [draw,shape=circle,color=red] {10} --
(0,1) node(11_0) [draw,shape=circle,color=red] {11} --
(1,1) node(12_0) [draw,shape=circle,color=red] {12} --
(2,1) node(13_0) [draw,shape=circle,color=red] {13} --
(0,2) node(14_0) [draw,shape=circle,color=red] {14} --
(1,2) node(15_0) [draw,shape=circle,color=red] {15} --
(2,2) node(16_0) [draw,shape=circle,color=red] {16} --
(0,0);
\path
(0,0);
\draw[color=red] (8_0) -- (9_0) -- (11_0) -- (8_0);
\draw[color=red] (12_0) -- (14_0) -- (11_0) -- (12_0);
\draw[color=red] (11_0) -- (9_0) -- (12_0) -- (11_0);
\draw[color=red] (12_0) -- (10_0) -- (13_0) -- (12_0);
\draw[color=red] (10_0) -- (12_0) -- (9_0) -- (10_0);
\draw[color=red] (15_0) -- (13_0) -- (16_0) -- (15_0);
\draw[color=red] (13_0) -- (15_0) -- (12_0) -- (13_0);
\draw[color=red] (12_0) -- (15_0) -- (14_0) -- (12_0);
\end{tikzpicture}
\end{center}
\end{document}