DM Object:Simplical Mesh 1 MPI processes
  type: plex
Simplical Mesh in 3 dimensions:
  0-cells: 5
  1-cells: 9
  2-cells: 7
  3-cells: 2
Labels:
  depth: 4 strata of sizes (5, 9, 7, 2)