DM Object:Hexahedral Mesh 4 MPI processes
  type: plex
Mesh 'Hexahedral Mesh':
Max sizes cone: 4 support: 4
orientation is missing
cap --> base:
[0]: 2 ----> 9
[0]: 2 ----> 14
[0]: 3 ----> 9
[0]: 3 ----> 16
[0]: 4 ----> 10
[0]: 4 ----> 13
[0]: 5 ----> 10
[0]: 5 ----> 11
[0]: 5 ----> 14
[0]: 5 ----> 15
[0]: 6 ----> 11
[0]: 6 ----> 16
[0]: 7 ----> 12
[0]: 7 ----> 13
[0]: 8 ----> 12
[0]: 8 ----> 15
[0]: 9 ----> 0
[0]: 10 ----> 1
[0]: 11 ----> 0
[0]: 12 ----> 1
[0]: 13 ----> 1
[0]: 14 ----> 0
[0]: 15 ----> 1
[0]: 16 ----> 0
Max sizes cone: 4 support: 4
[1]: 2 ----> 12
[1]: 2 ----> 15
[1]: 2 ----> 18
[1]: 2 ----> 19
[1]: 3 ----> 12
[1]: 4 ----> 15
[1]: 5 ----> 13
[1]: 5 ----> 16
[1]: 6 ----> 13
[1]: 6 ----> 17
[1]: 7 ----> 14
[1]: 7 ----> 16
[1]: 8 ----> 14
[1]: 8 ----> 17
[1]: 9 ----> 18
[1]: 9 ----> 20
[1]: 10 ----> 19
[1]: 10 ----> 21
[1]: 11 ----> 20
[1]: 11 ----> 21
[1]: 12 ----> 1
[1]: 13 ----> 0
[1]: 14 ----> 0
[1]: 15 ----> 1
[1]: 16 ----> 0
[1]: 17 ----> 0
[1]: 18 ----> 1
[1]: 19 ----> 1
[1]: 20 ----> 1
[1]: 21 ----> 1
Max sizes cone: 4 support: 4
[2]: 2 ----> 10
[2]: 3 ----> 10
[2]: 3 ----> 12
[2]: 3 ----> 13
[2]: 3 ----> 14
[2]: 4 ----> 11
[2]: 5 ----> 11
[2]: 5 ----> 12
[2]: 5 ----> 15
[2]: 5 ----> 16
[2]: 6 ----> 13
[2]: 6 ----> 17
[2]: 7 ----> 14
[2]: 7 ----> 15
[2]: 7 ----> 18
[2]: 8 ----> 16
[2]: 8 ----> 19
[2]: 9 ----> 17
[2]: 9 ----> 18
[2]: 9 ----> 19
[2]: 10 ----> 0
[2]: 11 ----> 1
[2]: 12 ----> 0
[2]: 12 ----> 1
[2]: 13 ----> 0
[2]: 14 ----> 0
[2]: 15 ----> 1
[2]: 16 ----> 1
[2]: 17 ----> 0
[2]: 18 ----> 0
[2]: 18 ----> 1
[2]: 19 ----> 1
Max sizes cone: 4 support: 4
[3]: 1 ----> 8
[3]: 2 ----> 7
[3]: 2 ----> 8
[3]: 2 ----> 9
[3]: 2 ----> 10
[3]: 3 ----> 7
[3]: 4 ----> 9
[3]: 4 ----> 11
[3]: 5 ----> 10
[3]: 5 ----> 12
[3]: 6 ----> 11
[3]: 6 ----> 12
[3]: 7 ----> 0
[3]: 8 ----> 0
[3]: 9 ----> 0
[3]: 10 ----> 0
[3]: 11 ----> 0
[3]: 12 ----> 0
base <-- cap:
[0]: 0 <---- 9 (0)
[0]: 0 <---- 16 (0)
[0]: 0 <---- 11 (-2)
[0]: 0 <---- 14 (-2)
[0]: 1 <---- 10 (0)
[0]: 1 <---- 15 (0)
[0]: 1 <---- 12 (-2)
[0]: 1 <---- 13 (-2)
[0]: 9 <---- 2 (0)
[0]: 9 <---- 3 (0)
[0]: 10 <---- 4 (0)
[0]: 10 <---- 5 (0)
[0]: 11 <---- 5 (0)
[0]: 11 <---- 6 (0)
[0]: 12 <---- 7 (0)
[0]: 12 <---- 8 (0)
[0]: 13 <---- 4 (0)
[0]: 13 <---- 7 (0)
[0]: 14 <---- 2 (0)
[0]: 14 <---- 5 (0)
[0]: 15 <---- 5 (0)
[0]: 15 <---- 8 (0)
[0]: 16 <---- 3 (0)
[0]: 16 <---- 6 (0)
[1]: 0 <---- 13 (0)
[1]: 0 <---- 17 (0)
[1]: 0 <---- 14 (-2)
[1]: 0 <---- 16 (-2)
[1]: 1 <---- 18 (0)
[1]: 1 <---- 20 (0)
[1]: 1 <---- 21 (-2)
[1]: 1 <---- 19 (-2)
[1]: 12 <---- 2 (0)
[1]: 12 <---- 3 (0)
[1]: 13 <---- 5 (0)
[1]: 13 <---- 6 (0)
[1]: 14 <---- 7 (0)
[1]: 14 <---- 8 (0)
[1]: 15 <---- 2 (0)
[1]: 15 <---- 4 (0)
[1]: 16 <---- 5 (0)
[1]: 16 <---- 7 (0)
[1]: 17 <---- 6 (0)
[1]: 17 <---- 8 (0)
[1]: 18 <---- 2 (0)
[1]: 18 <---- 9 (0)
[1]: 19 <---- 2 (0)
[1]: 19 <---- 10 (0)
[1]: 20 <---- 9 (0)
[1]: 20 <---- 11 (0)
[1]: 21 <---- 10 (0)
[1]: 21 <---- 11 (0)
[2]: 0 <---- 13 (0)
[2]: 0 <---- 14 (0)
[2]: 0 <---- 18 (0)
[2]: 0 <---- 17 (-2)
[2]: 1 <---- 18 (-2)
[2]: 1 <---- 15 (0)
[2]: 1 <---- 16 (-2)
[2]: 1 <---- 19 (0)
[2]: 10 <---- 2 (0)
[2]: 10 <---- 3 (0)
[2]: 11 <---- 4 (0)
[2]: 11 <---- 5 (0)
[2]: 12 <---- 3 (0)
[2]: 12 <---- 5 (0)
[2]: 13 <---- 6 (0)
[2]: 13 <---- 3 (0)
[2]: 14 <---- 3 (0)
[2]: 14 <---- 7 (0)
[2]: 15 <---- 7 (0)
[2]: 15 <---- 5 (0)
[2]: 16 <---- 8 (0)
[2]: 16 <---- 5 (0)
[2]: 17 <---- 6 (0)
[2]: 17 <---- 9 (0)
[2]: 18 <---- 7 (0)
[2]: 18 <---- 9 (0)
[2]: 19 <---- 8 (0)
[2]: 19 <---- 9 (0)
[3]: 0 <---- 12 (0)
[3]: 0 <---- 11 (-2)
[3]: 0 <---- 9 (-2)
[3]: 0 <---- 10 (-2)
[3]: 7 <---- 2 (0)
[3]: 7 <---- 3 (0)
[3]: 8 <---- 1 (0)
[3]: 8 <---- 2 (0)
[3]: 9 <---- 2 (0)
[3]: 9 <---- 4 (0)
[3]: 10 <---- 5 (0)
[3]: 10 <---- 2 (0)
[3]: 11 <---- 4 (0)
[3]: 11 <---- 6 (0)
[3]: 12 <---- 5 (0)
[3]: 12 <---- 6 (0)
coordinates with 1 fields
  field 0 with 2 components
Process 0:
  (   2) dim  2 offset   0 0.5 0
  (   3) dim  2 offset   2 1 0
  (   4) dim  2 offset   4 0 0.5
  (   5) dim  2 offset   6 0.5 0.5
  (   6) dim  2 offset   8 1 0.5
  (   7) dim  2 offset  10 0 1
  (   8) dim  2 offset  12 0.5 1
Process 1:
  (   2) dim  2 offset   0 0 0
  (   3) dim  2 offset   2 0.5 0
  (   4) dim  2 offset   4 0 0.5
  (   5) dim  2 offset   6 0.5 0.5
  (   6) dim  2 offset   8 1 0.5
  (   7) dim  2 offset  10 0.5 1
  (   8) dim  2 offset  12 1 1
  (   9) dim  2 offset  14 0.25 0
  (  10) dim  2 offset  16 0 0.25
  (  11) dim  2 offset  18 0.25 0.25
Process 2:
  (   2) dim  2 offset   0 0 0
  (   3) dim  2 offset   2 0.5 0
  (   4) dim  2 offset   4 0 0.5
  (   5) dim  2 offset   6 0.5 0.5
  (   6) dim  2 offset   8 0.25 0
  (   7) dim  2 offset  10 0.5 0.25
  (   8) dim  2 offset  12 0.25 0.5
  (   9) dim  2 offset  14 0.25 0.25
Process 3:
  (   1) dim  2 offset   0 0 0
  (   2) dim  2 offset   2 0 0.5
  (   3) dim  2 offset   4 0.5 0.5
  (   4) dim  2 offset   6 0.25 0.5
  (   5) dim  2 offset   8 0 0.25
  (   6) dim  2 offset  10 0.25 0.25
PetscSF Object: 4 MPI processes
  type: basic
    sort=rank-order
  [0] Number of roots=17, leaves=9, remote ranks=3
  [0] 2 <- (2,3)
  [0] 4 <- (3,2)
  [0] 5 <- (3,3)
  [0] 6 <- (1,6)
  [0] 8 <- (1,7)
  [0] 10 <- (3,7)
  [0] 11 <- (1,13)
  [0] 14 <- (2,12)
  [0] 15 <- (1,16)
  [1] Number of roots=22, leaves=11, remote ranks=2
  [1] 2 <- (3,1)
  [1] 3 <- (2,3)
  [1] 4 <- (3,2)
  [1] 5 <- (3,3)
  [1] 9 <- (2,6)
  [1] 10 <- (3,5)
  [1] 11 <- (3,6)
  [1] 12 <- (2,10)
  [1] 15 <- (3,8)
  [1] 20 <- (2,17)
  [1] 21 <- (3,12)
  [2] Number of roots=20, leaves=7, remote ranks=1
  [2] 2 <- (3,1)
  [2] 4 <- (3,2)
  [2] 5 <- (3,3)
  [2] 8 <- (3,4)
  [2] 9 <- (3,6)
  [2] 11 <- (3,7)
  [2] 19 <- (3,11)
  [3] Number of roots=13, leaves=0, remote ranks=0
  [0] Roots referenced by my leaves, by rank
  [0] 1: 4 edges
  [0]    6 <- 6
  [0]    8 <- 7
  [0]    11 <- 13
  [0]    15 <- 16
  [0] 2: 2 edges
  [0]    2 <- 3
  [0]    14 <- 12
  [0] 3: 3 edges
  [0]    4 <- 2
  [0]    5 <- 3
  [0]    10 <- 7
  [1] Roots referenced by my leaves, by rank
  [1] 2: 4 edges
  [1]    3 <- 3
  [1]    9 <- 6
  [1]    12 <- 10
  [1]    20 <- 17
  [1] 3: 7 edges
  [1]    2 <- 1
  [1]    4 <- 2
  [1]    5 <- 3
  [1]    10 <- 5
  [1]    11 <- 6
  [1]    15 <- 8
  [1]    21 <- 12
  [2] Roots referenced by my leaves, by rank
  [2] 3: 7 edges
  [2]    2 <- 1
  [2]    4 <- 2
  [2]    5 <- 3
  [2]    8 <- 4
  [2]    9 <- 6
  [2]    11 <- 7
  [2]    19 <- 11
  [3] Roots referenced by my leaves, by rank
Null vector 0 is likely null vector|| A * v[0] || = 8.64582e-17
Null vector 1 is likely null vector|| A * v[1] || = 5.97914e-17
Null vector 2 is likely null vector|| A * v[2] || = 7.89038e-17
Function tests pass for order 0 at tolerance 1e-10
Function tests pass for order 0 derivatives at tolerance 1e-10
