row 0: (0, 0.00666667)  (1, -0.005)  (6, -0.005)  (7, 0.00333333) 
row 1: (0, -0.005)  (1, 0.0133333)  (2, -0.005)  (6, 0.00333333)  (7, -0.01)  (8, 0.00333333) 
row 2: (1, -0.005)  (2, 0.0133333)  (3, -0.005)  (7, 0.00333333)  (8, -0.01)  (9, 0.00333333) 
row 3: (2, -0.005)  (3, 0.0133333)  (4, -0.005)  (8, 0.00333333)  (9, -0.01)  (10, 0.00333333) 
row 4: (3, -0.005)  (4, 0.0133333)  (5, -0.005)  (9, 0.00333333)  (10, -0.01)  (11, 0.00333333) 
row 5: (4, -0.005)  (5, 0.00666667)  (10, 0.00333333)  (11, -0.005) 
row 6: (0, -0.005)  (1, 0.00333333)  (6, 0.0133333)  (7, -0.01)  (12, -0.005)  (13, 0.00333333) 
row 7: (0, 0.00333333)  (1, -0.01)  (2, 0.00333333)  (6, -0.01)  (7, 0.0266667)  (8, -0.01)  (12, 0.00333333)  (13, -0.01)  (14, 0.00333333) 
row 8: (1, 0.00333333)  (2, -0.01)  (3, 0.00333333)  (7, -0.01)  (8, 0.0266667)  (9, -0.01)  (13, 0.00333333)  (14, -0.01)  (15, 0.00333333) 
row 9: (2, 0.00333333)  (3, -0.01)  (4, 0.00333333)  (8, -0.01)  (9, 0.0266667)  (10, -0.01)  (14, 0.00333333)  (15, -0.01)  (16, 0.00333333) 
row 10: (3, 0.00333333)  (4, -0.01)  (5, 0.00333333)  (9, -0.01)  (10, 0.0266667)  (11, -0.01)  (15, 0.00333333)  (16, -0.01)  (17, 0.00333333) 
row 11: (4, 0.00333333)  (5, -0.005)  (10, -0.01)  (11, 0.0133333)  (16, 0.00333333)  (17, -0.005) 
row 12: (6, -0.005)  (7, 0.00333333)  (12, 0.0133333)  (13, -0.01)  (18, -0.005)  (19, 0.00333333) 
row 13: (6, 0.00333333)  (7, -0.01)  (8, 0.00333333)  (12, -0.01)  (13, 0.0266667)  (14, -0.01)  (18, 0.00333333)  (19, -0.01)  (20, 0.00333333) 
row 14: (7, 0.00333333)  (8, -0.01)  (9, 0.00333333)  (13, -0.01)  (14, 0.0266667)  (15, -0.01)  (19, 0.00333333)  (20, -0.01)  (21, 0.00333333) 
row 15: (8, 0.00333333)  (9, -0.01)  (10, 0.00333333)  (14, -0.01)  (15, 0.0266667)  (16, -0.01)  (20, 0.00333333)  (21, -0.01)  (22, 0.00333333) 
row 16: (9, 0.00333333)  (10, -0.01)  (11, 0.00333333)  (15, -0.01)  (16, 0.0266667)  (17, -0.01)  (21, 0.00333333)  (22, -0.01)  (23, 0.00333333) 
row 17: (10, 0.00333333)  (11, -0.005)  (16, -0.01)  (17, 0.0133333)  (22, 0.00333333)  (23, -0.005) 
row 18: (12, -0.005)  (13, 0.00333333)  (18, 0.0133333)  (19, -0.01)  (24, -0.005)  (25, 0.00333333) 
row 19: (12, 0.00333333)  (13, -0.01)  (14, 0.00333333)  (18, -0.01)  (19, 0.0266667)  (20, -0.01)  (24, 0.00333333)  (25, -0.01)  (26, 0.00333333) 
row 20: (13, 0.00333333)  (14, -0.01)  (15, 0.00333333)  (19, -0.01)  (20, 0.0266667)  (21, -0.01)  (25, 0.00333333)  (26, -0.01)  (27, 0.00333333) 
row 21: (14, 0.00333333)  (15, -0.01)  (16, 0.00333333)  (20, -0.01)  (21, 0.0266667)  (22, -0.01)  (26, 0.00333333)  (27, -0.01)  (28, 0.00333333) 
row 22: (15, 0.00333333)  (16, -0.01)  (17, 0.00333333)  (21, -0.01)  (22, 0.0266667)  (23, -0.01)  (27, 0.00333333)  (28, -0.01)  (29, 0.00333333) 
row 23: (16, 0.00333333)  (17, -0.005)  (22, -0.01)  (23, 0.0133333)  (28, 0.00333333)  (29, -0.005) 
row 24: (18, -0.005)  (19, 0.00333333)  (24, 0.0133333)  (25, -0.01)  (30, -0.005)  (31, 0.00333333) 
row 25: (18, 0.00333333)  (19, -0.01)  (20, 0.00333333)  (24, -0.01)  (25, 0.0266667)  (26, -0.01)  (30, 0.00333333)  (31, -0.01)  (32, 0.00333333) 
row 26: (19, 0.00333333)  (20, -0.01)  (21, 0.00333333)  (25, -0.01)  (26, 0.0266667)  (27, -0.01)  (31, 0.00333333)  (32, -0.01)  (33, 0.00333333) 
row 27: (20, 0.00333333)  (21, -0.01)  (22, 0.00333333)  (26, -0.01)  (27, 0.0266667)  (28, -0.01)  (32, 0.00333333)  (33, -0.01)  (34, 0.00333333) 
row 28: (21, 0.00333333)  (22, -0.01)  (23, 0.00333333)  (27, -0.01)  (28, 0.0266667)  (29, -0.01)  (33, 0.00333333)  (34, -0.01)  (35, 0.00333333) 
row 29: (22, 0.00333333)  (23, -0.005)  (28, -0.01)  (29, 0.0133333)  (34, 0.00333333)  (35, -0.005) 
row 30: (24, -0.005)  (25, 0.00333333)  (30, 0.00666667)  (31, -0.005) 
row 31: (24, 0.00333333)  (25, -0.01)  (26, 0.00333333)  (30, -0.005)  (31, 0.0133333)  (32, -0.005) 
row 32: (25, 0.00333333)  (26, -0.01)  (27, 0.00333333)  (31, -0.005)  (32, 0.0133333)  (33, -0.005) 
row 33: (26, 0.00333333)  (27, -0.01)  (28, 0.00333333)  (32, -0.005)  (33, 0.0133333)  (34, -0.005) 
row 34: (27, 0.00333333)  (28, -0.01)  (29, 0.00333333)  (33, -0.005)  (34, 0.0133333)  (35, -0.005) 
row 35: (28, 0.00333333)  (29, -0.005)  (34, -0.005)  (35, 0.00666667) 
