
 CG: 
Number of iterations =   4

 MINRES: 
Number of iterations =   4

 SYMMLQ: 
Number of iterations =   4
