
 CG: 
Number of iterations =   9

 MINRES: 
Number of iterations =   9
Residual norm 1.2076e-05;  Error norm 2.50428e-06.

 SYMMLQ: 
Number of iterations =   9
