
 CG: 
Number of iterations =   7

 MINRES: 
Number of iterations =   7

 SYMMLQ: 
Number of iterations =   7
