
 CG: 
Number of iterations =  10

 MINRES: 
Number of iterations =  10

 SYMMLQ: 
Number of iterations =  10
