Final residual 0
Final residual 0
Final residual 0
Final residual 0
