Mat Object: 1 MPI processes
  type: seqaij
row 0: (0, 0)  (1, 0)  (3, 0)  (9, 0) 
row 1: (0, 0)  (1, 0)  (2, 0)  (4, 0)  (10, 0) 
row 2: (1, 0)  (2, 0)  (5, 0)  (11, 0) 
row 3: (0, 0)  (3, 0)  (4, 0)  (6, 0)  (12, 0) 
row 4: (1, 0)  (3, 0)  (4, 0)  (5, 0)  (7, 0)  (13, 0) 
row 5: (2, 0)  (4, 0)  (5, 0)  (8, 0)  (14, 0) 
row 6: (3, 0)  (6, 0)  (7, 0)  (15, 0) 
row 7: (4, 0)  (6, 0)  (7, 0)  (8, 0)  (16, 0) 
row 8: (5, 0)  (7, 0)  (8, 0)  (17, 0) 
row 9: (0, 0)  (9, 0)  (10, 0)  (12, 0)  (18, 0) 
row 10: (1, 0)  (9, 0)  (10, 0)  (11, 0)  (13, 0)  (19, 0) 
row 11: (2, 0)  (10, 0)  (11, 0)  (14, 0)  (20, 0) 
row 12: (3, 0)  (9, 0)  (12, 0)  (13, 0)  (15, 0)  (21, 0) 
row 13: (4, 0)  (10, 0)  (12, 0)  (13, 0)  (14, 0)  (16, 0)  (22, 0) 
row 14: (5, 0)  (11, 0)  (13, 0)  (14, 0)  (17, 0)  (23, 0) 
row 15: (6, 0)  (12, 0)  (15, 0)  (16, 0)  (24, 0) 
row 16: (7, 0)  (13, 0)  (15, 0)  (16, 0)  (17, 0)  (25, 0) 
row 17: (8, 0)  (14, 0)  (16, 0)  (17, 0)  (26, 0) 
row 18: (9, 0)  (18, 0)  (19, 0)  (21, 0) 
row 19: (10, 0)  (18, 0)  (19, 0)  (20, 0)  (22, 0) 
row 20: (11, 0)  (19, 0)  (20, 0)  (23, 0) 
row 21: (12, 0)  (18, 0)  (21, 0)  (22, 0)  (24, 0) 
row 22: (13, 0)  (19, 0)  (21, 0)  (22, 0)  (23, 0)  (25, 0) 
row 23: (14, 0)  (20, 0)  (22, 0)  (23, 0)  (26, 0) 
row 24: (15, 0)  (21, 0)  (24, 0)  (25, 0) 
row 25: (16, 0)  (22, 0)  (24, 0)  (25, 0)  (26, 0) 
row 26: (17, 0)  (23, 0)  (25, 0)  (26, 0) 
Mat Object: 1 MPI processes
  type: seqsbaij
row 0: (0, 0)  (1, 0)  (3, 0)  (9, 0) 
row 1: (1, 0)  (2, 0)  (4, 0)  (10, 0) 
row 2: (2, 0)  (5, 0)  (11, 0) 
row 3: (3, 0)  (4, 0)  (6, 0)  (12, 0) 
row 4: (4, 0)  (5, 0)  (7, 0)  (13, 0) 
row 5: (5, 0)  (8, 0)  (14, 0) 
row 6: (6, 0)  (7, 0)  (15, 0) 
row 7: (7, 0)  (8, 0)  (16, 0) 
row 8: (8, 0)  (17, 0) 
row 9: (9, 0)  (10, 0)  (12, 0)  (18, 0) 
row 10: (10, 0)  (11, 0)  (13, 0)  (19, 0) 
row 11: (11, 0)  (14, 0)  (20, 0) 
row 12: (12, 0)  (13, 0)  (15, 0)  (21, 0) 
row 13: (13, 0)  (14, 0)  (16, 0)  (22, 0) 
row 14: (14, 0)  (17, 0)  (23, 0) 
row 15: (15, 0)  (16, 0)  (24, 0) 
row 16: (16, 0)  (17, 0)  (25, 0) 
row 17: (17, 0)  (26, 0) 
row 18: (18, 0)  (19, 0)  (21, 0) 
row 19: (19, 0)  (20, 0)  (22, 0) 
row 20: (20, 0)  (23, 0) 
row 21: (21, 0)  (22, 0)  (24, 0) 
row 22: (22, 0)  (23, 0)  (25, 0) 
row 23: (23, 0)  (26, 0) 
row 24: (24, 0)  (25, 0) 
row 25: (25, 0)  (26, 0) 
row 26: (26, 0) 
Final residual 0
