CONVERGED_TIME at time 1 after   5 steps. Range [0.2398,3.0425]
CONVERGED_TIME at time 1 after   6 steps. Range [0.1937,3.0569]
CONVERGED_TIME at time 1 after   8 steps. Range [0.2203,3.0562]
CONVERGED_TIME at time 1 after  11 steps. Range [0.2872,3.0501]
