Result of inner product    50.0000
Result of scaling    10.0000
Result of copy    10.0000
Result of axpy    40.0000
