Mat Object: 7 MPI processes
  type: mpibaij
  rows=122880, cols=122880, bs=5
  total: nonzeros=4.1344e+06, allocated nonzeros=4.1344e+06
  total number of mallocs used during MatSetValues calls =0
      block size is 5
Mat Object: 7 MPI processes
  type: mpibaij
  rows=122880, cols=122880, bs=5
  total: nonzeros=4.1344e+06, allocated nonzeros=4.1344e+06
  total number of mallocs used during MatSetValues calls =0
      block size is 5
Matrices are equal
