Solving: nrhs 2, sym 0, herm 0, size schur 5, size mat 12, icntl19 3
Solving: nrhs 2, sym 0, herm 0, size schur 5, size mat 12, icntl19 1
Solving: nrhs 2, sym 1, herm 0, size schur 5, size mat 12, icntl19 2
Solving: nrhs 2, sym 1, herm 0, size schur 5, size mat 12, icntl19 1
Solving: nrhs 2, sym 1, herm 1, size schur 5, size mat 12, icntl19 2
Solving: nrhs 2, sym 1, herm 1, size schur 5, size mat 12, icntl19 1
